\x1b[46m                                                                                \x1b[0m
\x1b[46m\x1b[30;1m                                  PTerm Header                                  \x1b[0m\x1b[46m\x1b[0m
\x1b[46m                                                                                \x1b[0m
